// Jest Snapshot v1, https://goo.gl/fbAQLP

exports[`Render Index page 1`] = `
<div>
  <h2
    className="red-color"
  >
    Index Page
  </h2>
</div>
`;
