// Jest Snapshot v1, https://goo.gl/fbAQLP

exports[`Render NavigationBar 1`] = `
<nav
  className="navbar navbar-inverse navbar-fixed-top"
  role="navigation"
>
  <div
    className="container"
  >
    <div
      className="navbar-header"
    >
      <button
        className="navbar-toggle"
        onClick={[Function]}
        type="button"
      >
        <span
          className="sr-only"
        >
          Toggle navigation
        </span>
        <span
          className="icon-bar"
        />
        <span
          className="icon-bar"
        />
        <span
          className="icon-bar"
        />
      </button>
    </div>
  </div>
  <div
    className="navbar-collapse collapse"
  >
    <ul
      className="nav navbar-nav"
    >
      <li>
        <Link
          onClick={[Function]}
          replace={false}
          to="index"
        >
          Index
        </Link>
      </li>
      <li>
        <Link
          onClick={[Function]}
          replace={false}
          to="initial"
        >
          Initial
        </Link>
      </li>
    </ul>
  </div>
</nav>
`;
